warning: use of `leptos::logging::log!`
  --> $DIR/call.rs:2:5
   |
LL |     leptos::logging::log!("foo");
   |     ^^^^^^^^^^^^^^^^^^^^^^^^^^^^
   |
   = help: for further information visit https://github.com/leptos-rs/leptos-lints/tree/main/lints/leptos_print_stdout#readme
   = note: `#[warn(leptos_print_stdout)]` on by default

warning: use of `leptos::logging::log!`
  --> $DIR/call.rs:11:5
   |
LL |     ::leptos::logging::log!("bar");
   |     ^^^^^^^^^^^^^^^^^^^^^^^^^^^^^^
   |
   = help: for further information visit https://github.com/leptos-rs/leptos-lints/tree/main/lints/leptos_print_stdout#readme

warning: 2 warnings emitted

