warning: use of `leptos::prelude::event_target_value`
  --> $DIR/call.rs:5:5
   |
LL |     event_target_value::<u32>();
   |     ^^^^^^^^^^^^^^^^^^^^^^^^^
   |
   = help: this function can panic at run-time if the target doesn't have an event. For further information visit https://github.com/leptos-rs/leptos-lints/tree/main/lints/leptos_event_target_value#readme
   = note: `#[warn(leptos_event_target_value)]` on by default

warning: use of `leptos::prelude::event_target_value`
  --> $DIR/call.rs:7:28
   |
LL |     let _a: Option<&str> = prelude::event_target_value();
   |                            ^^^^^^^^^^^^^^^^^^^^^^^^^^^
   |
   = help: this function can panic at run-time if the target doesn't have an event. For further information visit https://github.com/leptos-rs/leptos-lints/tree/main/lints/leptos_event_target_value#readme

warning: use of `leptos::prelude::event_target_value`
  --> $DIR/call.rs:9:5
   |
LL |     leptos::prelude::event_target_value::<String>();
   |     ^^^^^^^^^^^^^^^^^^^^^^^^^^^^^^^^^^^^^^^^^^^^^
   |
   = help: this function can panic at run-time if the target doesn't have an event. For further information visit https://github.com/leptos-rs/leptos-lints/tree/main/lints/leptos_event_target_value#readme

warning: use of `leptos::prelude::event_target_value`
  --> $DIR/call.rs:11:34
   |
LL |     let _b: Option<Option<u8>> = ::leptos::prelude::event_target_value();
   |                                  ^^^^^^^^^^^^^^^^^^^^^^^^^^^^^^^^^^^^^
   |
   = help: this function can panic at run-time if the target doesn't have an event. For further information visit https://github.com/leptos-rs/leptos-lints/tree/main/lints/leptos_event_target_value#readme

warning: 4 warnings emitted

